{
  "apiVersion": "n9/v1alpha",
  "kind": "Project",
  "metadata": {
    "name": "json-project"
  },
  "spec": {
    "description": ""
  },
  "manifestSrc": "{{ .ManifestSrc }}",
  "organization": "{{ .Organization }}"
}
