[
  {
    "apiVersion": "n9/v1alpha",
    "kind": "Agent",
    "metadata": {
      "name": "appdynamics",
      "project": "appdynamics"
    },
    "spec": {
      "appDynamics": {
        "URL": "https://nobl9.saas.appdynamics.com"
      },
      "sourceOf": [
        "Metrics",
        "Services"
      ]
    },
    "manifestSrc": "{{ .ManifestSrc }}",
    "organization": "{{ .Organization }}"
  },
  {
    "apiVersion": "n9/v1alpha",
    "kind": "Service",
    "metadata": {
      "name": "appdynamics-polakpotrafi-service",
      "displayName": "AppDynamics polakpotrafi Service",
      "project": "appdynamics"
    },
    "spec": {
      "description": "polakpotrafi website"
    },
    "manifestSrc": "{{ .ManifestSrc }}",
    "organization": "{{ .Organization }}"
  }
]
