{
  "apiVersion": "n9/v1alpha",
  "kind": "DataExport",
  "metadata": {
    "name": "s3-data-export",
    "displayName": "S3 data export",
    "project": "default"
  },
  "spec": {
    "exportType": "S3",
    "spec": {
      "bucketName": "example-bucket",
      "roleArn": "arn:aws:iam::341861879477:role/n9-access"
    }
  },
  "status": null,
  "manifestSrc": "{{ .ManifestSrc }}"
}
